   Γû▓ Next.js 15.5.14
   - Environments: .env.local

   Creating an optimized production build ...
Failed to compile.

Error: EISDIR: illegal operation on a directory, readlink 'E:\Git Hub Pj\Princess-Webapp\app\api\generate\route.ts'


> Build failed because of webpack errors
