app/page.tsx(196,69): error TS1005: ',' expected.
app/page.tsx(196,72): error TS1005: ',' expected.
app/page.tsx(196,78): error TS1005: ',' expected.
app/page.tsx(196,85): error TS1005: ',' expected.
app/page.tsx(196,93): error TS1005: ',' expected.
app/page.tsx(196,96): error TS1005: ',' expected.
app/page.tsx(196,101): error TS1005: ',' expected.
app/page.tsx(196,111): error TS1005: ',' expected.
app/page.tsx(196,118): error TS1005: ',' expected.
app/page.tsx(196,122): error TS1005: ',' expected.
app/page.tsx(196,127): error TS1005: ',' expected.
app/page.tsx(196,132): error TS1005: ',' expected.
app/page.tsx(196,138): error TS1005: ',' expected.
app/page.tsx(196,148): error TS1005: ',' expected.
app/page.tsx(196,152): error TS1127: Invalid character.
app/page.tsx(196,158): error TS1127: Invalid character.
app/page.tsx(198,385): error TS1005: ',' expected.
app/page.tsx(198,387): error TS1005: ',' expected.
app/page.tsx(198,404): error TS1005: ',' expected.
app/page.tsx(199,5): error TS1005: ':' expected.
app/page.tsx(205,40): error TS1005: ',' expected.
app/page.tsx(205,42): error TS1005: ',' expected.
app/page.tsx(205,49): error TS1005: ',' expected.
app/page.tsx(205,54): error TS1005: ',' expected.
app/page.tsx(205,59): error TS1005: ',' expected.
app/page.tsx(205,64): error TS1005: ',' expected.
app/page.tsx(205,68): error TS1005: ',' expected.
app/page.tsx(205,70): error TS1005: ',' expected.
app/page.tsx(205,76): error TS1005: ',' expected.
app/page.tsx(205,81): error TS1005: ',' expected.
app/page.tsx(205,95): error TS1005: ',' expected.
app/page.tsx(205,103): error TS1005: ',' expected.
app/page.tsx(205,109): error TS1005: ',' expected.
app/page.tsx(205,113): error TS1005: ',' expected.
app/page.tsx(205,117): error TS1005: ',' expected.
app/page.tsx(205,123): error TS1005: ',' expected.
app/page.tsx(205,125): error TS1005: ',' expected.
app/page.tsx(205,131): error TS1005: ',' expected.
app/page.tsx(205,135): error TS1005: ':' expected.
app/page.tsx(205,143): error TS1005: ',' expected.
app/page.tsx(205,148): error TS1005: ',' expected.
app/page.tsx(205,153): error TS1005: ':' expected.
app/page.tsx(205,157): error TS1005: ',' expected.
app/page.tsx(205,160): error TS1002: Unterminated string literal.
app/page.tsx(206,7): error TS1005: ':' expected.
app/page.tsx(206,15): error TS1005: ',' expected.
app/page.tsx(206,144): error TS1005: ':' expected.
app/page.tsx(207,76): error TS1005: ',' expected.
app/page.tsx(207,78): error TS1005: ',' expected.
app/page.tsx(207,84): error TS1005: ',' expected.
app/page.tsx(207,86): error TS1005: ',' expected.
app/page.tsx(207,95): error TS1005: ',' expected.
app/page.tsx(207,104): error TS1005: ',' expected.
app/page.tsx(207,114): error TS1005: ',' expected.
app/page.tsx(207,119): error TS1005: ',' expected.
app/page.tsx(207,136): error TS1005: ',' expected.
app/page.tsx(207,142): error TS1127: Invalid character.
app/page.tsx(207,151): error TS1005: ',' expected.
app/page.tsx(207,159): error TS1127: Invalid character.
app/page.tsx(207,170): error TS1005: ',' expected.
app/page.tsx(207,177): error TS1005: ',' expected.
app/page.tsx(207,183): error TS1127: Invalid character.
app/page.tsx(207,210): error TS1005: ',' expected.
app/page.tsx(207,217): error TS1005: ',' expected.
app/page.tsx(207,226): error TS1005: ',' expected.
app/page.tsx(207,237): error TS1005: ',' expected.
app/page.tsx(207,242): error TS1127: Invalid character.
app/page.tsx(207,253): error TS1005: ',' expected.
app/page.tsx(207,262): error TS1005: ',' expected.
app/page.tsx(207,267): error TS1005: ',' expected.
app/page.tsx(207,277): error TS1005: ',' expected.
app/page.tsx(207,281): error TS1005: ',' expected.
app/page.tsx(207,293): error TS1005: ',' expected.
app/page.tsx(207,299): error TS1005: ',' expected.
app/page.tsx(207,304): error TS1005: ',' expected.
app/page.tsx(207,318): error TS1005: ',' expected.
app/page.tsx(207,323): error TS1127: Invalid character.
app/page.tsx(207,330): error TS1005: ',' expected.
app/page.tsx(207,338): error TS1127: Invalid character.
app/page.tsx(207,349): error TS1005: ',' expected.
app/page.tsx(207,367): error TS1005: ',' expected.
app/page.tsx(207,375): error TS1005: ',' expected.
app/page.tsx(207,379): error TS1005: ',' expected.
app/page.tsx(207,389): error TS1005: ',' expected.
app/page.tsx(207,403): error TS1005: ',' expected.
app/page.tsx(207,408): error TS1127: Invalid character.
app/page.tsx(207,415): error TS1005: ',' expected.
app/page.tsx(207,424): error TS1127: Invalid character.
app/page.tsx(207,434): error TS1005: ',' expected.
app/page.tsx(207,445): error TS1005: ',' expected.
app/page.tsx(207,453): error TS1005: ',' expected.
app/page.tsx(207,468): error TS1005: ',' expected.
app/page.tsx(207,480): error TS1127: Invalid character.
app/page.tsx(207,493): error TS1005: ',' expected.
app/page.tsx(207,508): error TS1005: ',' expected.
app/page.tsx(207,518): error TS1005: ',' expected.
app/page.tsx(207,530): error TS1005: ',' expected.
app/page.tsx(207,536): error TS1005: ',' expected.
app/page.tsx(207,541): error TS1005: ':' expected.
app/page.tsx(207,546): error TS1005: ',' expected.
app/page.tsx(207,549): error TS1005: ',' expected.
app/page.tsx(207,561): error TS1005: ',' expected.
app/page.tsx(207,568): error TS1127: Invalid character.
app/page.tsx(207,576): error TS1005: ',' expected.
app/page.tsx(207,581): error TS1127: Invalid character.
app/page.tsx(207,591): error TS1005: ',' expected.
app/page.tsx(207,597): error TS1005: ',' expected.
app/page.tsx(207,602): error TS1005: ',' expected.
app/page.tsx(207,637): error TS1005: '{' expected.
app/page.tsx(207,640): error TS1005: ',' expected.
app/page.tsx(207,645): error TS1005: ',' expected.
app/page.tsx(207,650): error TS1005: ',' expected.
app/page.tsx(207,667): error TS1005: ',' expected.
app/page.tsx(207,671): error TS1005: ',' expected.
app/page.tsx(207,674): error TS1005: ';' expected.
app/page.tsx(207,692): error TS1005: ';' expected.
app/page.tsx(207,704): error TS1005: ';' expected.
app/page.tsx(207,714): error TS1005: ';' expected.
app/page.tsx(207,728): error TS1003: Identifier expected.
app/page.tsx(207,729): error TS1002: Unterminated string literal.
app/page.tsx(208,5): error TS1128: Declaration or statement expected.
app/page.tsx(208,6): error TS1128: Declaration or statement expected.
app/page.tsx(210,32): error TS1005: ';' expected.
app/page.tsx(210,52): error TS1005: ';' expected.
app/page.tsx(211,18): error TS1005: ';' expected.
app/page.tsx(211,35): error TS1005: ';' expected.
app/page.tsx(211,77): error TS1005: ';' expected.
app/page.tsx(212,25): error TS1005: ';' expected.
app/page.tsx(213,16): error TS1005: ';' expected.
app/page.tsx(214,12): error TS1005: ';' expected.
app/page.tsx(215,15): error TS1005: ';' expected.
app/page.tsx(216,19): error TS1005: ';' expected.
app/page.tsx(216,67): error TS1005: ';' expected.
app/page.tsx(216,69): error TS1434: Unexpected keyword or identifier.
app/page.tsx(216,74): error TS1434: Unexpected keyword or identifier.
app/page.tsx(216,78): error TS1434: Unexpected keyword or identifier.
app/page.tsx(216,87): error TS1434: Unexpected keyword or identifier.
app/page.tsx(216,92): error TS1434: Unexpected keyword or identifier.
app/page.tsx(216,107): error TS1005: ';' expected.
app/page.tsx(216,122): error TS1434: Unexpected keyword or identifier.
app/page.tsx(216,128): error TS1434: Unexpected keyword or identifier.
app/page.tsx(216,150): error TS1005: ';' expected.
app/page.tsx(216,164): error TS1005: ';' expected.
app/page.tsx(216,173): error TS1005: ';' expected.
app/page.tsx(216,178): error TS1434: Unexpected keyword or identifier.
app/page.tsx(216,195): error TS1005: ';' expected.
app/page.tsx(216,211): error TS1005: ';' expected.
app/page.tsx(216,229): error TS1434: Unexpected keyword or identifier.
app/page.tsx(216,234): error TS1434: Unexpected keyword or identifier.
app/page.tsx(216,238): error TS1434: Unexpected keyword or identifier.
app/page.tsx(216,261): error TS1005: ';' expected.
app/page.tsx(216,269): error TS1435: Unknown keyword or identifier. Did you mean 'break'?
app/page.tsx(216,276): error TS1434: Unexpected keyword or identifier.
app/page.tsx(216,279): error TS1434: Unexpected keyword or identifier.
app/page.tsx(216,284): error TS1434: Unexpected keyword or identifier.
app/page.tsx(216,302): error TS1005: ';' expected.
app/page.tsx(216,307): error TS1434: Unexpected keyword or identifier.
app/page.tsx(216,319): error TS1434: Unexpected keyword or identifier.
app/page.tsx(216,324): error TS1434: Unexpected keyword or identifier.
app/page.tsx(216,333): error TS1434: Unexpected keyword or identifier.
app/page.tsx(216,344): error TS1127: Invalid character.
app/page.tsx(216,346): error TS1434: Unexpected keyword or identifier.
app/page.tsx(216,350): error TS1434: Unexpected keyword or identifier.
app/page.tsx(216,362): error TS1434: Unexpected keyword or identifier.
app/page.tsx(216,380): error TS1005: ';' expected.
app/page.tsx(216,385): error TS1434: Unexpected keyword or identifier.
app/page.tsx(216,394): error TS1434: Unexpected keyword or identifier.
app/page.tsx(216,400): error TS1434: Unexpected keyword or identifier.
app/page.tsx(216,421): error TS1127: Invalid character.
app/page.tsx(216,443): error TS1005: ';' expected.
app/page.tsx(216,451): error TS1127: Invalid character.
app/page.tsx(216,453): error TS1434: Unexpected keyword or identifier.
app/page.tsx(216,474): error TS1005: ',' expected.
app/page.tsx(216,484): error TS1005: ';' expected.
app/page.tsx(216,485): error TS1127: Invalid character.
app/page.tsx(216,487): error TS1434: Unexpected keyword or identifier.
app/page.tsx(216,512): error TS1127: Invalid character.
app/page.tsx(216,519): error TS1127: Invalid character.
app/page.tsx(216,521): error TS1434: Unexpected keyword or identifier.
app/page.tsx(216,544): error TS1127: Invalid character.
app/page.tsx(216,553): error TS1127: Invalid character.
app/page.tsx(216,555): error TS1434: Unexpected keyword or identifier.
app/page.tsx(216,575): error TS1005: ';' expected.
app/page.tsx(216,580): error TS1127: Invalid character.
app/page.tsx(216,600): error TS1005: ',' expected.
app/page.tsx(216,610): error TS1005: ';' expected.
app/page.tsx(216,611): error TS1127: Invalid character.
app/page.tsx(216,613): error TS1434: Unexpected keyword or identifier.
app/page.tsx(216,624): error TS1127: Invalid character.
app/page.tsx(216,649): error TS1005: ';' expected.
app/page.tsx(216,658): error TS1434: Unexpected keyword or identifier.
app/page.tsx(216,660): error TS1434: Unexpected keyword or identifier.
app/page.tsx(216,675): error TS1005: ';' expected.
app/page.tsx(216,680): error TS1228: A type predicate is only allowed in return type position for functions and methods.
app/page.tsx(216,683): error TS1434: Unexpected keyword or identifier.
app/page.tsx(216,687): error TS1434: Unexpected keyword or identifier.
app/page.tsx(216,708): error TS1005: ';' expected.
app/page.tsx(216,726): error TS1003: Identifier expected.
app/page.tsx(216,727): error TS1002: Unterminated string literal.
app/page.tsx(217,6): error TS1128: Declaration or statement expected.
app/page.tsx(219,32): error TS1005: ';' expected.
app/page.tsx(219,56): error TS1005: ';' expected.
app/page.tsx(220,18): error TS1005: ';' expected.
app/page.tsx(220,35): error TS1005: ';' expected.
app/page.tsx(220,80): error TS1005: ';' expected.
app/page.tsx(221,25): error TS1005: ';' expected.
app/page.tsx(222,16): error TS1005: ';' expected.
app/page.tsx(223,12): error TS1005: ';' expected.
app/page.tsx(224,15): error TS1005: ';' expected.
app/page.tsx(225,19): error TS1005: ';' expected.
app/page.tsx(225,75): error TS1005: ';' expected.
app/page.tsx(225,77): error TS1434: Unexpected keyword or identifier.
app/page.tsx(225,81): error TS1434: Unexpected keyword or identifier.
app/page.tsx(225,102): error TS1005: ';' expected.
app/page.tsx(225,105): error TS1127: Invalid character.
app/page.tsx(225,357): error TS1005: ';' expected.
app/page.tsx(225,359): error TS1434: Unexpected keyword or identifier.
app/page.tsx(225,378): error TS1005: ';' expected.
app/page.tsx(225,394): error TS1005: ';' expected.
app/page.tsx(225,402): error TS1434: Unexpected keyword or identifier.
app/page.tsx(225,409): error TS1434: Unexpected keyword or identifier.
app/page.tsx(225,415): error TS1434: Unexpected keyword or identifier.
app/page.tsx(225,418): error TS1434: Unexpected keyword or identifier.
app/page.tsx(225,443): error TS1005: ';' expected.
app/page.tsx(225,452): error TS1005: ',' expected.
app/page.tsx(225,460): error TS1005: ';' expected.
app/page.tsx(225,462): error TS1127: Invalid character.
app/page.tsx(225,479): error TS1005: ';' expected.
app/page.tsx(225,489): error TS1127: Invalid character.
app/page.tsx(225,493): error TS1005: ';' expected.
app/page.tsx(225,500): error TS1434: Unexpected keyword or identifier.
app/page.tsx(225,507): error TS1434: Unexpected keyword or identifier.
app/page.tsx(225,516): error TS1434: Unexpected keyword or identifier.
app/page.tsx(225,527): error TS1127: Invalid character.
app/page.tsx(225,538): error TS1434: Unexpected keyword or identifier.
app/page.tsx(225,541): error TS1434: Unexpected keyword or identifier.
app/page.tsx(225,552): error TS1005: ';' expected.
app/page.tsx(225,556): error TS1434: Unexpected keyword or identifier.
app/page.tsx(225,567): error TS1127: Invalid character.
app/page.tsx(225,577): error TS1351: An identifier or keyword cannot immediately follow a numeric literal.
app/page.tsx(225,579): error TS1434: Unexpected keyword or identifier.
app/page.tsx(225,598): error TS1005: ';' expected.
app/page.tsx(225,601): error TS1434: Unexpected keyword or identifier.
app/page.tsx(225,606): error TS1434: Unexpected keyword or identifier.
app/page.tsx(225,615): error TS1434: Unexpected keyword or identifier.
app/page.tsx(225,623): error TS1127: Invalid character.
app/page.tsx(226,6): error TS1128: Declaration or statement expected.
app/page.tsx(228,32): error TS1005: ';' expected.
app/page.tsx(228,56): error TS1005: ';' expected.
app/page.tsx(229,18): error TS1005: ';' expected.
app/page.tsx(229,35): error TS1005: ';' expected.
app/page.tsx(229,79): error TS1005: ';' expected.
app/page.tsx(230,25): error TS1005: ';' expected.
app/page.tsx(231,16): error TS1005: ';' expected.
app/page.tsx(232,12): error TS1005: ';' expected.
app/page.tsx(233,15): error TS1005: ';' expected.
app/page.tsx(234,19): error TS1005: ';' expected.
app/page.tsx(234,25): error TS1005: ';' expected.
app/page.tsx(234,28): error TS1434: Unexpected keyword or identifier.
app/page.tsx(234,34): error TS1434: Unexpected keyword or identifier.
app/page.tsx(234,39): error TS1434: Unexpected keyword or identifier.
app/page.tsx(235,6): error TS1128: Declaration or statement expected.
app/page.tsx(237,32): error TS1005: ';' expected.
app/page.tsx(237,56): error TS1005: ';' expected.
app/page.tsx(238,18): error TS1005: ';' expected.
app/page.tsx(238,35): error TS1005: ';' expected.
app/page.tsx(238,74): error TS1005: ';' expected.
app/page.tsx(239,25): error TS1005: ';' expected.
app/page.tsx(240,16): error TS1005: ';' expected.
app/page.tsx(241,12): error TS1005: ';' expected.
app/page.tsx(242,15): error TS1005: ';' expected.
app/page.tsx(243,19): error TS1005: ';' expected.
app/page.tsx(244,6): error TS1128: Declaration or statement expected.
app/page.tsx(246,32): error TS1005: ';' expected.
app/page.tsx(246,56): error TS1005: ';' expected.
app/page.tsx(247,18): error TS1005: ';' expected.
app/page.tsx(247,35): error TS1005: ';' expected.
app/page.tsx(247,67): error TS1005: ';' expected.
app/page.tsx(248,25): error TS1005: ';' expected.
app/page.tsx(249,16): error TS1005: ';' expected.
app/page.tsx(250,12): error TS1005: ';' expected.
app/page.tsx(251,15): error TS1005: ';' expected.
app/page.tsx(252,19): error TS1005: ';' expected.
app/page.tsx(252,120): error TS1005: ';' expected.
app/page.tsx(252,122): error TS1434: Unexpected keyword or identifier.
app/page.tsx(252,143): error TS1005: ';' expected.
app/page.tsx(252,166): error TS1005: ';' expected.
app/page.tsx(252,177): error TS1005: ';' expected.
app/page.tsx(252,198): error TS1005: ';' expected.
app/page.tsx(252,214): error TS1005: ';' expected.
app/page.tsx(252,228): error TS1005: ';' expected.
app/page.tsx(252,241): error TS1005: ';' expected.
app/page.tsx(252,246): error TS1434: Unexpected keyword or identifier.
app/page.tsx(252,253): error TS1434: Unexpected keyword or identifier.
app/page.tsx(252,259): error TS1228: A type predicate is only allowed in return type position for functions and methods.
app/page.tsx(252,262): error TS1434: Unexpected keyword or identifier.
app/page.tsx(252,273): error TS1127: Invalid character.
app/page.tsx(252,275): error TS1434: Unexpected keyword or identifier.
app/page.tsx(252,281): error TS1434: Unexpected keyword or identifier.
app/page.tsx(252,286): error TS1434: Unexpected keyword or identifier.
app/page.tsx(252,290): error TS1434: Unexpected keyword or identifier.
app/page.tsx(252,297): error TS1435: Unknown keyword or identifier. Did you mean 'never'?
app/page.tsx(252,311): error TS1127: Invalid character.
app/page.tsx(252,332): error TS1005: ';' expected.
app/page.tsx(252,337): error TS1127: Invalid character.
app/page.tsx(252,339): error TS1434: Unexpected keyword or identifier.
app/page.tsx(252,350): error TS1434: Unexpected keyword or identifier.
app/page.tsx(252,373): error TS1005: ';' expected.
app/page.tsx(252,381): error TS1434: Unexpected keyword or identifier.
app/page.tsx(252,407): error TS1005: ';' expected.
app/page.tsx(252,414): error TS1434: Unexpected keyword or identifier.
app/page.tsx(252,421): error TS1434: Unexpected keyword or identifier.
app/page.tsx(252,432): error TS1127: Invalid character.
app/page.tsx(252,438): error TS1005: ';' expected.
app/page.tsx(252,450): error TS1434: Unexpected keyword or identifier.
app/page.tsx(252,457): error TS1434: Unexpected keyword or identifier.
app/page.tsx(252,485): error TS1005: ';' expected.
app/page.tsx(252,494): error TS1434: Unexpected keyword or identifier.
app/page.tsx(252,500): error TS1434: Unexpected keyword or identifier.
app/page.tsx(252,506): error TS1434: Unexpected keyword or identifier.
app/page.tsx(252,512): error TS1434: Unexpected keyword or identifier.
app/page.tsx(252,515): error TS1434: Unexpected keyword or identifier.
app/page.tsx(252,520): error TS1434: Unexpected keyword or identifier.
app/page.tsx(252,535): error TS1127: Invalid character.
app/page.tsx(252,540): error TS1005: ';' expected.
app/page.tsx(252,546): error TS1434: Unexpected keyword or identifier.
app/page.tsx(252,564): error TS1005: ';' expected.
app/page.tsx(252,575): error TS1434: Unexpected keyword or identifier.
app/page.tsx(252,580): error TS1434: Unexpected keyword or identifier.
app/page.tsx(252,583): error TS1434: Unexpected keyword or identifier.
app/page.tsx(252,603): error TS1005: ';' expected.
app/page.tsx(252,621): error TS1005: ';' expected.
app/page.tsx(252,638): error TS1005: ';' expected.
app/page.tsx(252,648): error TS1003: Identifier expected.
app/page.tsx(252,650): error TS1005: ';' expected.
app/page.tsx(252,662): error TS1003: Identifier expected.
app/page.tsx(252,663): error TS1002: Unterminated string literal.
app/page.tsx(253,6): error TS1128: Declaration or statement expected.
app/page.tsx(255,32): error TS1005: ';' expected.
app/page.tsx(255,51): error TS1005: ';' expected.
app/page.tsx(256,18): error TS1005: ';' expected.
app/page.tsx(256,35): error TS1005: ';' expected.
app/page.tsx(256,74): error TS1005: ';' expected.
app/page.tsx(257,25): error TS1005: ';' expected.
app/page.tsx(258,16): error TS1005: ';' expected.
app/page.tsx(259,12): error TS1005: ';' expected.
app/page.tsx(260,15): error TS1005: ';' expected.
app/page.tsx(261,19): error TS1005: ';' expected.
app/page.tsx(262,6): error TS1128: Declaration or statement expected.
app/page.tsx(264,32): error TS1005: ';' expected.
app/page.tsx(264,56): error TS1005: ';' expected.
app/page.tsx(265,18): error TS1005: ';' expected.
app/page.tsx(265,35): error TS1005: ';' expected.
app/page.tsx(265,83): error TS1005: ';' expected.
app/page.tsx(266,25): error TS1005: ';' expected.
app/page.tsx(267,16): error TS1005: ';' expected.
app/page.tsx(268,12): error TS1005: ';' expected.
app/page.tsx(269,15): error TS1005: ';' expected.
app/page.tsx(270,19): error TS1005: ';' expected.
app/page.tsx(272,3): error TS1128: Declaration or statement expected.
app/page.tsx(272,4): error TS1128: Declaration or statement expected.
app/page.tsx(274,13): error TS1005: ';' expected.
app/page.tsx(275,12): error TS1005: ';' expected.
app/page.tsx(285,19): error TS1005: ';' expected.
app/page.tsx(290,45): error TS1005: ',' expected.
app/page.tsx(290,47): error TS1005: ',' expected.
app/page.tsx(290,52): error TS1005: ',' expected.
app/page.tsx(290,56): error TS1005: ',' expected.
app/page.tsx(290,67): error TS1005: ',' expected.
app/page.tsx(290,70): error TS1005: ',' expected.
app/page.tsx(290,76): error TS1005: ',' expected.
app/page.tsx(290,78): error TS1002: Unterminated string literal.
app/page.tsx(291,5): error TS1005: ',' expected.
app/page.tsx(293,13): error TS1005: ';' expected.
app/page.tsx(299,17): error TS1005: ';' expected.
app/page.tsx(301,14): error TS1005: ';' expected.
app/page.tsx(302,11): error TS1005: ';' expected.
app/page.tsx(303,14): error TS1005: ';' expected.
app/page.tsx(304,13): error TS1005: ';' expected.
app/page.tsx(306,1): error TS1128: Declaration or statement expected.
app/page.tsx(790,56): error TS1109: Expression expected.
app/page.tsx(790,58): error TS1109: Expression expected.
app/page.tsx(790,68): error TS1109: Expression expected.
app/page.tsx(790,69): error TS1003: Identifier expected.
app/page.tsx(790,70): error TS1109: Expression expected.
app/page.tsx(790,71): error TS1005: ';' expected.
app/page.tsx(790,73): error TS1109: Expression expected.
app/page.tsx(1063,58): error TS1109: Expression expected.
app/page.tsx(1063,60): error TS1109: Expression expected.
app/page.tsx(1063,70): error TS1109: Expression expected.
app/page.tsx(1063,71): error TS1003: Identifier expected.
app/page.tsx(1063,72): error TS1109: Expression expected.
app/page.tsx(1063,73): error TS1005: ';' expected.
app/page.tsx(1063,75): error TS1109: Expression expected.
app/page.tsx(1335,57): error TS1109: Expression expected.
app/page.tsx(1335,59): error TS1109: Expression expected.
app/page.tsx(1335,69): error TS1109: Expression expected.
app/page.tsx(1335,70): error TS1003: Identifier expected.
app/page.tsx(1335,71): error TS1109: Expression expected.
app/page.tsx(1335,72): error TS1005: ';' expected.
app/page.tsx(1335,74): error TS1109: Expression expected.
app/page.tsx(1344,10): error TS1128: Declaration or statement expected.
app/page.tsx(1347,7): error TS1472: 'catch' or 'finally' expected.
app/page.tsx(1394,7): error TS1005: ',' expected.
app/page.tsx(1435,55): error TS1109: Expression expected.
app/page.tsx(1435,57): error TS1109: Expression expected.
app/page.tsx(1435,67): error TS1109: Expression expected.
app/page.tsx(1435,68): error TS1003: Identifier expected.
app/page.tsx(1435,69): error TS1109: Expression expected.
app/page.tsx(1435,70): error TS1005: ';' expected.
app/page.tsx(1435,72): error TS1109: Expression expected.
app/page.tsx(1526,57): error TS1109: Expression expected.
app/page.tsx(1526,59): error TS1109: Expression expected.
app/page.tsx(1526,69): error TS1109: Expression expected.
app/page.tsx(1526,70): error TS1003: Identifier expected.
app/page.tsx(1526,71): error TS1109: Expression expected.
app/page.tsx(1526,72): error TS1005: ';' expected.
app/page.tsx(1526,74): error TS1109: Expression expected.
app/page.tsx(1530,10): error TS1128: Declaration or statement expected.
app/page.tsx(1532,7): error TS1472: 'catch' or 'finally' expected.
app/page.tsx(1576,7): error TS1005: ',' expected.
app/page.tsx(1583,3): error TS1128: Declaration or statement expected.
app/page.tsx(1641,26): error TS1005: ',' expected.
app/page.tsx(1641,28): error TS1005: ',' expected.
app/page.tsx(1641,33): error TS1005: ',' expected.
app/page.tsx(1641,40): error TS1005: ',' expected.
app/page.tsx(1641,46): error TS1005: ',' expected.
app/page.tsx(1641,51): error TS1005: ',' expected.
app/page.tsx(1641,54): error TS1005: ',' expected.
app/page.tsx(1641,64): error TS1005: ',' expected.
app/page.tsx(1641,70): error TS1005: ',' expected.
app/page.tsx(1641,72): error TS1002: Unterminated string literal.
app/page.tsx(1642,11): error TS1005: ',' expected.
app/page.tsx(1742,46): error TS1005: ',' expected.
app/page.tsx(1742,48): error TS1005: ',' expected.
app/page.tsx(1742,55): error TS1005: ',' expected.
app/page.tsx(1742,60): error TS1005: ',' expected.
app/page.tsx(1742,62): error TS1002: Unterminated string literal.
app/page.tsx(1743,11): error TS1005: ',' expected.
app/page.tsx(1811,16): error TS1005: ',' expected.
app/page.tsx(1811,18): error TS1005: ',' expected.
app/page.tsx(1811,25): error TS1127: Invalid character.
app/page.tsx(1811,36): error TS1005: ',' expected.
app/page.tsx(1811,49): error TS1005: ',' expected.
app/page.tsx(1811,54): error TS1005: ',' expected.
app/page.tsx(1811,68): error TS1005: ',' expected.
app/page.tsx(1811,79): error TS1005: ',' expected.
app/page.tsx(1811,93): error TS1005: ',' expected.
app/page.tsx(1811,100): error TS1005: ',' expected.
app/page.tsx(1811,106): error TS1005: ',' expected.
app/page.tsx(1811,108): error TS1002: Unterminated string literal.
app/page.tsx(1812,9): error TS1005: ',' expected.
app/page.tsx(2895,151): error TS1005: ';' expected.
app/page.tsx(2895,153): error TS1434: Unexpected keyword or identifier.
app/page.tsx(2895,160): error TS1434: Unexpected keyword or identifier.
app/page.tsx(2895,170): error TS1005: '(' expected.
app/page.tsx(2895,176): error TS1005: ';' expected.
app/page.tsx(2895,193): error TS1005: ';' expected.
app/page.tsx(2895,200): error TS1005: ')' expected.
app/page.tsx(2895,226): error TS1005: ';' expected.
app/page.tsx(2895,245): error TS1005: ';' expected.
app/page.tsx(2895,247): error TS1002: Unterminated string literal.
app/page.tsx(2920,140): error TS1005: ';' expected.
app/page.tsx(2920,155): error TS1005: ';' expected.
app/page.tsx(2920,163): error TS1228: A type predicate is only allowed in return type position for functions and methods.
app/page.tsx(2920,177): error TS1005: ';' expected.
app/page.tsx(2920,187): error TS1005: ';' expected.
app/page.tsx(2920,207): error TS1127: Invalid character.
app/page.tsx(2920,209): error TS1434: Unexpected keyword or identifier.
app/page.tsx(2920,233): error TS1005: ';' expected.
app/page.tsx(2920,244): error TS1434: Unexpected keyword or identifier.
app/page.tsx(2920,249): error TS1434: Unexpected keyword or identifier.
app/page.tsx(2920,264): error TS1005: ';' expected.
app/page.tsx(2920,270): error TS1434: Unexpected keyword or identifier.
app/page.tsx(2920,306): error TS1005: ';' expected.
app/page.tsx(2920,306): error TS1434: Unexpected keyword or identifier.
app/page.tsx(2920,314): error TS1002: Unterminated string literal.
app/page.tsx(2923,243): error TS1005: ';' expected.
app/page.tsx(2923,245): error TS1434: Unexpected keyword or identifier.
app/page.tsx(2923,251): error TS1002: Unterminated string literal.
app/page.tsx(2924,69): error TS1005: ';' expected.
app/page.tsx(2924,75): error TS1005: ';' expected.
app/page.tsx(2924,80): error TS1434: Unexpected keyword or identifier.
app/page.tsx(2924,88): error TS1434: Unexpected keyword or identifier.
app/page.tsx(2924,92): error TS1434: Unexpected keyword or identifier.
app/page.tsx(2924,119): error TS1005: ';' expected.
app/page.tsx(2924,135): error TS1005: ';' expected.
app/page.tsx(2924,144): error TS1434: Unexpected keyword or identifier.
app/page.tsx(2924,154): error TS1005: '(' expected.
app/page.tsx(2924,166): error TS1005: ';' expected.
app/page.tsx(2924,171): error TS1005: ';' expected.
app/page.tsx(2924,185): error TS1005: ')' expected.
app/page.tsx(2924,197): error TS1434: Unexpected keyword or identifier.
app/page.tsx(2924,204): error TS1434: Unexpected keyword or identifier.
app/page.tsx(2924,208): error TS1434: Unexpected keyword or identifier.
app/page.tsx(2924,212): error TS1434: Unexpected keyword or identifier.
app/page.tsx(2924,220): error TS1434: Unexpected keyword or identifier.
app/page.tsx(2924,224): error TS1434: Unexpected keyword or identifier.
app/page.tsx(2924,233): error TS1002: Unterminated string literal.
app/page.tsx(3187,68): error TS1109: Expression expected.
app/page.tsx(3187,70): error TS1109: Expression expected.
app/page.tsx(3187,80): error TS1109: Expression expected.
app/page.tsx(3187,81): error TS1003: Identifier expected.
app/page.tsx(3187,82): error TS1109: Expression expected.
app/page.tsx(3187,83): error TS1005: ';' expected.
app/page.tsx(3187,85): error TS1109: Expression expected.
app/page.tsx(5550,1): error TS1128: Declaration or statement expected.
